// Vitest Snapshot v1

exports[`VBtn snapshot > default 1`] = `"<p> Test 2 </p>"`;
